PASS: models preserves dependency boundaries: []
PASS: viewmodels preserves dependency boundaries: []
PASS: services preserves dependency boundaries: []
PASS: platform preserves dependency boundaries: []
PASS: Views do not mutate persistent state or call the repository
PASS: Headless startup supplies defaults
PASS: Unknown RTC blocks water commands
PASS: Headless water command adds one glass
PASS: Water cannot fall below zero
PASS: Water upper limit remains 20000 ml
PASS: Water goal has a 200 ml lower limit
PASS: Water goal has a 6000 ml upper limit
PASS: Reminder cycles to 30 minutes
PASS: Reminder cycles to 60 minutes
PASS: Reminder cycles to 120 minutes
PASS: Reminder cycles to 0 minutes
PASS: Headless calculator preserves operator precedence
PASS: Calculator continues with the previous result
PASS: Division by zero yields displayable error state
PASS: Calculator recovers from an invalid expression
PASS: Editing a note leaves the model unchanged
PASS: Reopening discards an uncommitted draft
PASS: Save commits a note through the repository
PASS: First delete command asks for confirmation
PASS: Changing the draft clears delete confirmation
PASS: Confirmed delete commits an empty note
PASS: Calendar cannot move before January 2000
PASS: Calendar cannot move past December 2099
PASS: Clock editor clamps leap-year February to 29 days
PASS: Clock editor clamps ordinary February to 28 days
PASS: Invalid dates never reach the RTC port
PASS: Clock editor exposes hardware write failure
PASS: RTC write failure marks time unknown
PASS: Clock save retries successfully and resets seconds to zero
PASS: Successful clock service updates the app ViewModel
PASS: Alarm command triggers through headless time updates
PASS: Snooze clears the current alarm notification
PASS: Snoozed alarm returns after five minutes
PASS: Stop command clears alarm output state
PASS: Failed face save rolls back the active model selection
PASS: Storage failure is exposed in app state
PASS: Retry commits the retained face draft
PASS: Reinitialization reloads the unchanged 916-byte persistent layout
{
  "passed": 43,
  "failed": 0,
  "checks": [
    [
      true,
      "models preserves dependency boundaries: []"
    ],
    [
      true,
      "viewmodels preserves dependency boundaries: []"
    ],
    [
      true,
      "services preserves dependency boundaries: []"
    ],
    [
      true,
      "platform preserves dependency boundaries: []"
    ],
    [
      true,
      "Views do not mutate persistent state or call the repository"
    ],
    [
      true,
      "Headless startup supplies defaults"
    ],
    [
      true,
      "Unknown RTC blocks water commands"
    ],
    [
      true,
      "Headless water command adds one glass"
    ],
    [
      true,
      "Water cannot fall below zero"
    ],
    [
      true,
      "Water upper limit remains 20000 ml"
    ],
    [
      true,
      "Water goal has a 200 ml lower limit"
    ],
    [
      true,
      "Water goal has a 6000 ml upper limit"
    ],
    [
      true,
      "Reminder cycles to 30 minutes"
    ],
    [
      true,
      "Reminder cycles to 60 minutes"
    ],
    [
      true,
      "Reminder cycles to 120 minutes"
    ],
    [
      true,
      "Reminder cycles to 0 minutes"
    ],
    [
      true,
      "Headless calculator preserves operator precedence"
    ],
    [
      true,
      "Calculator continues with the previous result"
    ],
    [
      true,
      "Division by zero yields displayable error state"
    ],
    [
      true,
      "Calculator recovers from an invalid expression"
    ],
    [
      true,
      "Editing a note leaves the model unchanged"
    ],
    [
      true,
      "Reopening discards an uncommitted draft"
    ],
    [
      true,
      "Save commits a note through the repository"
    ],
    [
      true,
      "First delete command asks for confirmation"
    ],
    [
      true,
      "Changing the draft clears delete confirmation"
    ],
    [
      true,
      "Confirmed delete commits an empty note"
    ],
    [
      true,
      "Calendar cannot move before January 2000"
    ],
    [
      true,
      "Calendar cannot move past December 2099"
    ],
    [
      true,
      "Clock editor clamps leap-year February to 29 days"
    ],
    [
      true,
      "Clock editor clamps ordinary February to 28 days"
    ],
    [
      true,
      "Invalid dates never reach the RTC port"
    ],
    [
      true,
      "Clock editor exposes hardware write failure"
    ],
    [
      true,
      "RTC write failure marks time unknown"
    ],
    [
      true,
      "Clock save retries successfully and resets seconds to zero"
    ],
    [
      true,
      "Successful clock service updates the app ViewModel"
    ],
    [
      true,
      "Alarm command triggers through headless time updates"
    ],
    [
      true,
      "Snooze clears the current alarm notification"
    ],
    [
      true,
      "Snoozed alarm returns after five minutes"
    ],
    [
      true,
      "Stop command clears alarm output state"
    ],
    [
      true,
      "Failed face save rolls back the active model selection"
    ],
    [
      true,
      "Storage failure is exposed in app state"
    ],
    [
      true,
      "Retry commits the retained face draft"
    ],
    [
      true,
      "Reinitialization reloads the unchanged 916-byte persistent layout"
    ]
  ],
  "elf_sha256": "3ef0573961600c978b24f62801fa80445550c2a9ce0ebd2f3b2f7a34df1c59dd",
  "scope": "Compiled ARM Models/ViewModels; LVGL never initialized; flash and RTC ports are fakes."
}
